../Src/Src_MCAL/EXTIx/MCAL_EXTI.c:14:6:MEXTI_vEnableInterruptLine	16	static
../Src/Src_MCAL/EXTIx/MCAL_EXTI.c:19:6:MEXTI_vDisableInterruptLine	16	static
../Src/Src_MCAL/EXTIx/MCAL_EXTI.c:24:6:MEXTI_vSelectEventTrigger	16	static
../Src/Src_MCAL/EXTIx/MCAL_EXTI.c:44:6:MEXTI_vSoftwareTrigger	16	static
../Src/Src_MCAL/EXTIx/MCAL_EXTI.c:49:4:MEXTI_U8GetPendingInterrupt	24	static
../Src/Src_MCAL/EXTIx/MCAL_EXTI.c:56:6:MEXTI_vSelectPort	16	static
../Src/Src_MCAL/EXTIx/MCAL_EXTI.c:64:6:MEXTI_vSetCallBack	16	static
../Src/Src_MCAL/EXTIx/MCAL_EXTI.c:69:13:EXTI0_IRQHandler	8	static
../Src/Src_MCAL/EXTIx/MCAL_EXTI.c:74:13:EXTI1_IRQHandler	8	static
../Src/Src_MCAL/EXTIx/MCAL_EXTI.c:80:13:EXTI2_IRQHandler	8	static
../Src/Src_MCAL/EXTIx/MCAL_EXTI.c:86:13:EXTI3_IRQHandler	8	static
../Src/Src_MCAL/EXTIx/MCAL_EXTI.c:92:13:EXTI4_IRQHandler	8	static
../Src/Src_MCAL/EXTIx/MCAL_EXTI.c:98:13:EXTI5_IRQHandler	8	static
../Src/Src_MCAL/EXTIx/MCAL_EXTI.c:104:13:EXTI6_IRQHandler	8	static
../Src/Src_MCAL/EXTIx/MCAL_EXTI.c:110:13:EXTI7_IRQHandler	8	static
../Src/Src_MCAL/EXTIx/MCAL_EXTI.c:116:13:EXTI8_IRQHandler	8	static
../Src/Src_MCAL/EXTIx/MCAL_EXTI.c:122:13:EXTI9_IRQHandler	8	static
../Src/Src_MCAL/EXTIx/MCAL_EXTI.c:128:13:EXTI10_IRQHandler	8	static
../Src/Src_MCAL/EXTIx/MCAL_EXTI.c:134:13:EXTI11_IRQHandler	8	static
../Src/Src_MCAL/EXTIx/MCAL_EXTI.c:140:13:EXTI12_IRQHandler	8	static
../Src/Src_MCAL/EXTIx/MCAL_EXTI.c:146:13:EXT13_IRQHandler	8	static
../Src/Src_MCAL/EXTIx/MCAL_EXTI.c:152:13:EXTI14_IRQHandler	8	static
../Src/Src_MCAL/EXTIx/MCAL_EXTI.c:158:13:EXTI15_IRQHandler	8	static
